mode: set
eventro2/repository/event_repository/eventstore.go:14.59,16.2 1 1
eventro2/repository/event_repository/eventstore.go:18.63,20.2 1 1
eventro2/repository/event_repository/eventstore.go:22.71,24.63 2 1
eventro2/repository/event_repository/eventstore.go:24.63,26.3 1 1
eventro2/repository/event_repository/eventstore.go:27.2,27.20 1 1
eventro2/repository/event_repository/eventstore.go:30.60,32.49 2 1
eventro2/repository/event_repository/eventstore.go:32.49,34.3 1 1
eventro2/repository/event_repository/eventstore.go:35.2,35.20 1 1
eventro2/repository/event_repository/eventstore.go:39.63,41.2 1 1
eventro2/repository/event_repository/eventstore.go:44.53,46.2 1 1
eventro2/repository/event_repository/eventstore.go:48.74,50.2 1 1
eventro2/repository/event_repository/eventstore.go:52.90,61.16 3 1
eventro2/repository/event_repository/eventstore.go:61.16,63.3 1 1
eventro2/repository/event_repository/eventstore.go:64.2,64.21 1 1
eventro2/repository/event_repository/eventstore.go:67.82,78.16 3 1
eventro2/repository/event_repository/eventstore.go:78.16,80.3 1 1
eventro2/repository/event_repository/eventstore.go:81.2,81.20 1 0
eventro2/repository/event_repository/eventstore.go:83.98,87.23 3 0
eventro2/repository/event_repository/eventstore.go:87.23,89.3 1 0
eventro2/repository/event_repository/eventstore.go:90.2,90.27 1 0
eventro2/repository/event_repository/eventstore.go:90.27,92.3 1 0
eventro2/repository/event_repository/eventstore.go:93.2,93.27 1 0
eventro2/repository/event_repository/eventstore.go:93.27,97.3 1 0
eventro2/repository/event_repository/eventstore.go:98.2,98.29 1 0
eventro2/repository/event_repository/eventstore.go:98.29,100.3 1 0
eventro2/repository/event_repository/eventstore.go:101.2,101.29 1 0
eventro2/repository/event_repository/eventstore.go:101.29,105.3 1 0
eventro2/repository/event_repository/eventstore.go:106.2,106.26 1 0
eventro2/repository/event_repository/eventstore.go:106.26,108.3 1 0
eventro2/repository/event_repository/eventstore.go:110.2,110.50 1 0
eventro2/repository/event_repository/eventstore.go:110.50,112.3 1 0
eventro2/repository/event_repository/eventstore.go:113.2,113.20 1 0
