mode: set
eventro2/repository/booking_repository/bookingstore.go:13.63,15.2 1 1
eventro2/repository/booking_repository/bookingstore.go:17.69,19.2 1 1
eventro2/repository/booking_repository/bookingstore.go:21.75,23.73 2 1
eventro2/repository/booking_repository/bookingstore.go:23.73,25.3 1 1
eventro2/repository/booking_repository/bookingstore.go:26.2,26.22 1 1
eventro2/repository/booking_repository/bookingstore.go:29.64,31.51 2 1
eventro2/repository/booking_repository/bookingstore.go:31.51,33.3 1 1
eventro2/repository/booking_repository/bookingstore.go:34.2,34.22 1 1
eventro2/repository/booking_repository/bookingstore.go:37.83,39.80 2 1
eventro2/repository/booking_repository/bookingstore.go:39.80,41.3 1 1
eventro2/repository/booking_repository/bookingstore.go:42.2,42.22 1 1
eventro2/repository/booking_repository/bookingstore.go:45.83,47.80 2 1
eventro2/repository/booking_repository/bookingstore.go:47.80,49.3 1 1
eventro2/repository/booking_repository/bookingstore.go:50.2,50.22 1 1
eventro2/repository/booking_repository/bookingstore.go:53.69,55.2 1 1
eventro2/repository/booking_repository/bookingstore.go:57.55,59.2 1 0
eventro2/repository/booking_repository/bookingstore.go:60.96,64.21 3 1
eventro2/repository/booking_repository/bookingstore.go:64.21,66.3 1 1
eventro2/repository/booking_repository/bookingstore.go:67.2,67.18 1 1
eventro2/repository/booking_repository/bookingstore.go:67.18,69.3 1 1
eventro2/repository/booking_repository/bookingstore.go:70.2,70.18 1 1
eventro2/repository/booking_repository/bookingstore.go:70.18,72.3 1 1
eventro2/repository/booking_repository/bookingstore.go:74.2,74.52 1 1
eventro2/repository/booking_repository/bookingstore.go:74.52,76.3 1 1
eventro2/repository/booking_repository/bookingstore.go:77.2,77.22 1 1
