mode: set
eventro2/handlers/artist_handler.go:25.78,26.33 1 1
eventro2/handlers/artist_handler.go:26.33,29.3 2 1
eventro2/handlers/artist_handler.go:32.2,33.35 2 1
eventro2/handlers/artist_handler.go:33.35,36.3 2 1
eventro2/handlers/artist_handler.go:38.2,39.61 2 1
eventro2/handlers/artist_handler.go:39.61,42.3 2 1
eventro2/handlers/artist_handler.go:44.2,44.20 1 1
eventro2/handlers/artist_handler.go:44.20,47.3 2 1
eventro2/handlers/artist_handler.go:49.2,50.16 2 1
eventro2/handlers/artist_handler.go:50.16,53.3 2 1
eventro2/handlers/artist_handler.go:55.2,63.32 4 1
eventro2/handlers/artist_handler.go:66.78,67.35 1 1
eventro2/handlers/artist_handler.go:67.35,70.3 2 1
eventro2/handlers/artist_handler.go:71.2,72.35 2 1
eventro2/handlers/artist_handler.go:72.35,75.3 2 1
eventro2/handlers/artist_handler.go:76.2,77.14 2 1
eventro2/handlers/artist_handler.go:77.14,80.3 2 1
eventro2/handlers/artist_handler.go:82.2,83.16 2 1
eventro2/handlers/artist_handler.go:83.16,86.3 2 1
eventro2/handlers/artist_handler.go:88.2,88.37 1 1
eventro2/handlers/artist_handler.go:91.79,92.32 1 1
eventro2/handlers/artist_handler.go:92.32,95.3 2 1
eventro2/handlers/artist_handler.go:97.2,99.16 3 1
eventro2/handlers/artist_handler.go:99.16,102.17 2 1
eventro2/handlers/artist_handler.go:102.17,105.4 2 1
eventro2/handlers/artist_handler.go:107.3,109.37 3 1
eventro2/handlers/artist_handler.go:110.8,112.17 2 1
eventro2/handlers/artist_handler.go:112.17,115.4 2 1
eventro2/handlers/artist_handler.go:117.3,119.36 3 1
eventro2/handlers/auth_handler.go:41.69,42.33 1 1
eventro2/handlers/auth_handler.go:42.33,45.3 2 0
eventro2/handlers/auth_handler.go:47.2,48.61 2 1
eventro2/handlers/auth_handler.go:48.61,51.3 2 1
eventro2/handlers/auth_handler.go:53.2,54.16 2 1
eventro2/handlers/auth_handler.go:54.16,57.3 2 1
eventro2/handlers/auth_handler.go:59.2,60.16 2 1
eventro2/handlers/auth_handler.go:60.16,63.3 2 0
eventro2/handlers/auth_handler.go:65.2,76.55 4 1
eventro2/handlers/auth_handler.go:76.55,78.3 1 0
eventro2/handlers/auth_handler.go:81.70,82.33 1 1
eventro2/handlers/auth_handler.go:82.33,85.3 2 0
eventro2/handlers/auth_handler.go:87.2,88.61 2 1
eventro2/handlers/auth_handler.go:88.61,91.3 2 1
eventro2/handlers/auth_handler.go:93.2,94.16 2 1
eventro2/handlers/auth_handler.go:94.16,97.3 2 1
eventro2/handlers/auth_handler.go:99.2,100.16 2 1
eventro2/handlers/auth_handler.go:100.16,103.3 2 0
eventro2/handlers/auth_handler.go:105.2,116.55 4 1
eventro2/handlers/auth_handler.go:116.55,118.3 1 0
eventro2/handlers/booking_handler.go:22.80,23.33 1 1
eventro2/handlers/booking_handler.go:23.33,26.3 2 1
eventro2/handlers/booking_handler.go:28.2,29.59 2 1
eventro2/handlers/booking_handler.go:29.59,32.3 2 1
eventro2/handlers/booking_handler.go:34.2,35.36 2 1
eventro2/handlers/booking_handler.go:35.36,38.3 2 0
eventro2/handlers/booking_handler.go:40.2,41.61 2 1
eventro2/handlers/booking_handler.go:41.61,44.3 2 0
eventro2/handlers/booking_handler.go:46.2,46.45 1 1
eventro2/handlers/booking_handler.go:46.45,49.3 2 1
eventro2/handlers/booking_handler.go:50.2,51.41 2 1
eventro2/handlers/booking_handler.go:51.41,53.3 1 0
eventro2/handlers/booking_handler.go:55.2,56.16 2 1
eventro2/handlers/booking_handler.go:56.16,59.3 2 0
eventro2/handlers/booking_handler.go:61.2,63.36 3 1
eventro2/handlers/booking_handler.go:66.81,67.32 1 1
eventro2/handlers/booking_handler.go:67.32,70.3 2 1
eventro2/handlers/booking_handler.go:72.2,80.21 7 1
eventro2/handlers/booking_handler.go:80.21,82.3 1 1
eventro2/handlers/booking_handler.go:84.2,85.16 2 1
eventro2/handlers/booking_handler.go:85.16,88.3 2 1
eventro2/handlers/booking_handler.go:90.2,91.37 2 1
eventro2/handlers/event_handler.go:24.76,25.33 1 1
eventro2/handlers/event_handler.go:25.33,28.3 2 0
eventro2/handlers/event_handler.go:31.2,32.35 2 1
eventro2/handlers/event_handler.go:32.35,35.3 2 1
eventro2/handlers/event_handler.go:37.2,38.61 2 1
eventro2/handlers/event_handler.go:38.61,41.3 2 0
eventro2/handlers/event_handler.go:43.2,51.16 2 1
eventro2/handlers/event_handler.go:51.16,54.3 2 1
eventro2/handlers/event_handler.go:56.2,58.34 3 1
eventro2/handlers/event_handler.go:61.77,62.32 1 1
eventro2/handlers/event_handler.go:62.32,65.3 2 1
eventro2/handlers/event_handler.go:67.2,71.26 4 1
eventro2/handlers/event_handler.go:71.26,74.3 2 0
eventro2/handlers/event_handler.go:76.2,86.16 3 1
eventro2/handlers/event_handler.go:86.16,89.3 2 1
eventro2/handlers/event_handler.go:90.2,92.58 3 1
eventro2/handlers/event_handler.go:92.58,94.3 1 0
eventro2/handlers/event_handler.go:98.76,99.35 1 1
eventro2/handlers/event_handler.go:99.35,102.3 2 1
eventro2/handlers/event_handler.go:104.2,105.35 2 1
eventro2/handlers/event_handler.go:105.35,108.3 2 1
eventro2/handlers/event_handler.go:110.2,111.19 2 1
eventro2/handlers/event_handler.go:111.19,114.3 2 1
eventro2/handlers/event_handler.go:116.2,117.16 2 1
eventro2/handlers/event_handler.go:117.16,120.3 2 1
eventro2/handlers/event_handler.go:122.2,122.37 1 1
eventro2/handlers/event_handler.go:125.76,126.34 1 1
eventro2/handlers/event_handler.go:126.34,129.3 2 1
eventro2/handlers/event_handler.go:131.2,132.19 2 1
eventro2/handlers/event_handler.go:132.19,135.3 2 1
eventro2/handlers/event_handler.go:137.2,138.68 2 1
eventro2/handlers/event_handler.go:138.68,141.3 2 1
eventro2/handlers/event_handler.go:143.2,144.16 2 1
eventro2/handlers/event_handler.go:144.16,147.3 2 1
eventro2/handlers/event_handler.go:149.2,150.41 2 1
eventro2/handlers/show_handler.go:32.74,33.33 1 1
eventro2/handlers/show_handler.go:33.33,36.3 2 0
eventro2/handlers/show_handler.go:39.2,40.32 2 1
eventro2/handlers/show_handler.go:40.32,43.3 2 0
eventro2/handlers/show_handler.go:45.2,46.38 2 1
eventro2/handlers/show_handler.go:46.38,49.3 2 1
eventro2/handlers/show_handler.go:51.2,52.61 2 1
eventro2/handlers/show_handler.go:52.61,55.3 2 0
eventro2/handlers/show_handler.go:58.2,59.16 2 1
eventro2/handlers/show_handler.go:59.16,62.3 2 1
eventro2/handlers/show_handler.go:64.2,73.16 2 1
eventro2/handlers/show_handler.go:73.16,76.3 2 1
eventro2/handlers/show_handler.go:78.2,80.33 3 1
eventro2/handlers/show_handler.go:83.74,84.34 1 1
eventro2/handlers/show_handler.go:84.34,87.3 2 1
eventro2/handlers/show_handler.go:89.2,92.32 3 1
eventro2/handlers/show_handler.go:92.32,95.3 2 0
eventro2/handlers/show_handler.go:97.2,98.61 2 1
eventro2/handlers/show_handler.go:98.61,101.3 2 0
eventro2/handlers/show_handler.go:103.2,104.25 2 1
eventro2/handlers/show_handler.go:104.25,106.17 2 1
eventro2/handlers/show_handler.go:106.17,109.4 2 1
eventro2/handlers/show_handler.go:110.3,110.18 1 0
eventro2/handlers/show_handler.go:113.2,121.16 3 1
eventro2/handlers/show_handler.go:121.16,124.3 2 1
eventro2/handlers/show_handler.go:126.2,127.40 2 1
eventro2/handlers/show_handler.go:130.75,131.32 1 1
eventro2/handlers/show_handler.go:131.32,134.3 2 1
eventro2/handlers/show_handler.go:136.2,146.16 4 1
eventro2/handlers/show_handler.go:146.16,149.3 2 1
eventro2/handlers/show_handler.go:151.2,152.34 2 1
eventro2/handlers/show_handler.go:155.74,156.35 1 1
eventro2/handlers/show_handler.go:156.35,159.3 2 1
eventro2/handlers/show_handler.go:160.2,161.18 2 1
eventro2/handlers/show_handler.go:161.18,164.3 2 1
eventro2/handlers/show_handler.go:166.2,167.16 2 1
eventro2/handlers/show_handler.go:167.16,170.3 2 1
eventro2/handlers/show_handler.go:172.2,172.37 1 1
eventro2/handlers/user_handler.go:16.75,17.32 1 1
eventro2/handlers/user_handler.go:17.32,20.3 2 1
eventro2/handlers/user_handler.go:21.2,23.39 3 1
eventro2/handlers/user_handler.go:23.39,26.3 2 1
eventro2/handlers/user_handler.go:28.2,33.24 5 1
eventro2/handlers/user_handler.go:33.24,36.3 2 0
eventro2/handlers/user_handler.go:38.2,38.18 1 1
eventro2/handlers/user_handler.go:38.18,40.17 2 1
eventro2/handlers/user_handler.go:40.17,43.4 2 1
eventro2/handlers/user_handler.go:44.3,45.35 2 1
eventro2/handlers/user_handler.go:46.8,48.17 2 1
eventro2/handlers/user_handler.go:48.17,51.4 2 1
eventro2/handlers/user_handler.go:52.3,53.34 2 1
eventro2/handlers/user_handler.go:58.74,59.34 1 1
eventro2/handlers/user_handler.go:59.34,62.3 2 1
eventro2/handlers/user_handler.go:65.2,67.39 3 1
eventro2/handlers/user_handler.go:67.39,70.3 2 1
eventro2/handlers/user_handler.go:73.2,74.18 2 1
eventro2/handlers/user_handler.go:74.18,77.3 2 1
eventro2/handlers/user_handler.go:80.2,81.61 2 1
eventro2/handlers/user_handler.go:81.61,84.3 2 1
eventro2/handlers/user_handler.go:87.2,88.16 2 1
eventro2/handlers/user_handler.go:88.16,91.3 2 1
eventro2/handlers/user_handler.go:93.2,94.40 2 1
eventro2/handlers/venue_handler.go:32.76,33.33 1 1
eventro2/handlers/venue_handler.go:33.33,36.3 2 1
eventro2/handlers/venue_handler.go:37.2,38.34 2 1
eventro2/handlers/venue_handler.go:38.34,41.3 2 1
eventro2/handlers/venue_handler.go:42.2,43.32 2 1
eventro2/handlers/venue_handler.go:43.32,46.3 2 1
eventro2/handlers/venue_handler.go:48.2,49.61 2 1
eventro2/handlers/venue_handler.go:49.61,52.3 2 1
eventro2/handlers/venue_handler.go:54.2,62.16 2 1
eventro2/handlers/venue_handler.go:62.16,65.3 2 1
eventro2/handlers/venue_handler.go:67.2,69.34 3 1
eventro2/handlers/venue_handler.go:71.76,72.34 1 1
eventro2/handlers/venue_handler.go:72.34,75.3 2 1
eventro2/handlers/venue_handler.go:76.2,77.19 2 1
eventro2/handlers/venue_handler.go:77.19,80.3 2 1
eventro2/handlers/venue_handler.go:82.2,83.32 2 1
eventro2/handlers/venue_handler.go:83.32,86.3 2 0
eventro2/handlers/venue_handler.go:88.2,89.38 2 1
eventro2/handlers/venue_handler.go:89.38,92.3 2 1
eventro2/handlers/venue_handler.go:94.2,95.61 2 1
eventro2/handlers/venue_handler.go:95.61,98.3 2 1
eventro2/handlers/venue_handler.go:100.2,109.16 3 1
eventro2/handlers/venue_handler.go:109.16,112.3 2 1
eventro2/handlers/venue_handler.go:114.2,115.41 2 1
eventro2/handlers/venue_handler.go:118.76,119.35 1 1
eventro2/handlers/venue_handler.go:119.35,122.3 2 1
eventro2/handlers/venue_handler.go:124.2,125.19 2 1
eventro2/handlers/venue_handler.go:125.19,128.3 2 1
eventro2/handlers/venue_handler.go:130.2,131.32 2 1
eventro2/handlers/venue_handler.go:131.32,134.3 2 0
eventro2/handlers/venue_handler.go:136.2,138.63 3 1
eventro2/handlers/venue_handler.go:138.63,141.3 2 1
eventro2/handlers/venue_handler.go:143.2,143.91 1 1
eventro2/handlers/venue_handler.go:143.91,146.3 2 1
eventro2/handlers/venue_handler.go:148.2,148.37 1 1
eventro2/handlers/venue_handler.go:151.77,152.32 1 1
eventro2/handlers/venue_handler.go:152.32,155.3 2 1
eventro2/handlers/venue_handler.go:157.2,166.16 4 1
eventro2/handlers/venue_handler.go:166.16,169.3 2 1
eventro2/handlers/venue_handler.go:171.2,172.35 2 1
