mode: set
eventro2/repository/artists_repository/artiststore.go:14.61,16.2 1 1
eventro2/repository/artists_repository/artiststore.go:18.66,20.2 1 1
eventro2/repository/artists_repository/artiststore.go:22.73,24.64 2 1
eventro2/repository/artists_repository/artiststore.go:24.64,26.3 1 1
eventro2/repository/artists_repository/artiststore.go:27.2,27.21 1 1
eventro2/repository/artists_repository/artiststore.go:30.62,32.50 2 1
eventro2/repository/artists_repository/artiststore.go:32.50,34.3 1 1
eventro2/repository/artists_repository/artiststore.go:35.2,35.21 1 1
eventro2/repository/artists_repository/artiststore.go:39.83,43.36 2 1
eventro2/repository/artists_repository/artiststore.go:43.36,45.3 1 1
eventro2/repository/artists_repository/artiststore.go:46.2,46.21 1 1
eventro2/repository/artists_repository/artiststore.go:50.66,52.2 1 1
eventro2/repository/artists_repository/artiststore.go:55.54,57.2 1 1
eventro2/repository/artists_repository/artiststore.go:59.91,67.16 3 1
eventro2/repository/artists_repository/artiststore.go:67.16,69.3 1 1
eventro2/repository/artists_repository/artiststore.go:71.2,71.20 1 1
eventro2/repository/artists_repository/artiststore.go:74.81,80.16 4 1
eventro2/repository/artists_repository/artiststore.go:80.16,82.3 1 1
eventro2/repository/artists_repository/artiststore.go:83.2,83.21 1 1
